
*************************
MEET ERROR IN YOUR PROGRAMM READ ALL INFORMATION DOWN
*************************
Error code: [12] : <stack hash error -> !!Smth is trying to damage your stack!!> in function: <stack_push()> in file: <main.cpp>:100

YOUR STACK: stack_t &stack1 = [0064FEC8] created by main():
capacity = [10]
size = [0]
data = [00B915D8]
structure_canary_left  = [deadbeef]
structure_canary_right = [deadbeef]
stack HASH = [0]
{
[-1]  = ba0bab               <<CANARY>>
[ 0]  = [1.#QNAN]     <<POISON>>
[ 1]  = [1.#QNAN]     <<POISON>>
[ 2]  = [1.#QNAN]     <<POISON>>
[ 3]  = [1.#QNAN]     <<POISON>>
[ 4]  = [1.#QNAN]     <<POISON>>
[ 5]  = [1.#QNAN]     <<POISON>>
[ 6]  = [1.#QNAN]     <<POISON>>
[ 7]  = [1.#QNAN]     <<POISON>>
[ 8]  = [1.#QNAN]     <<POISON>>
[ 9]  = [1.#QNAN]     <<POISON>>
[10]  = ba0bab               <<CANARY>>
}

*************************
END OF OUR MESSAGE
*************************


*************************
MEET ERROR IN YOUR PROGRAMM READ ALL INFORMATION DOWN
*************************
Error code: [12] : <stack hash error -> !!Smth is trying to damage your stack!!> in function: <stack_push()> in file: <main.cpp>:100

YOUR STACK: stack_t &stack1 = [0064FEC8] created by main():
capacity = [10]
size = [0]
data = [00BE15D8]
structure_canary_left  = [deadbeef]
structure_canary_right = [deadbeef]
stack HASH = [77c6351900000000]
{
[-1]  = ba0bab               <<CANARY>>
[ 0]  = [1.#QNAN]     <<POISON>>
[ 1]  = [1.#QNAN]     <<POISON>>
[ 2]  = [1.#QNAN]     <<POISON>>
[ 3]  = [1.#QNAN]     <<POISON>>
[ 4]  = [1.#QNAN]     <<POISON>>
[ 5]  = [1.#QNAN]     <<POISON>>
[ 6]  = [1.#QNAN]     <<POISON>>
[ 7]  = [1.#QNAN]     <<POISON>>
[ 8]  = [1.#QNAN]     <<POISON>>
[ 9]  = [1.#QNAN]     <<POISON>>
[10]  = ba0bab               <<CANARY>>
}

*************************
END OF OUR MESSAGE
*************************


*************************
MEET ERROR IN YOUR PROGRAMM READ ALL INFORMATION DOWN
*************************
Error code: [12] : <stack hash error -> !!Smth is trying to damage your stack!!> in function: <stack_init()> in file: <main.cpp>:64

YOUR STACK: stack_t &stack1 = [0064FEC8] created by main():
capacity = [10]
size = [0]
data = [00C015D0]
structure_canary_left  = [deadbeef]
structure_canary_right = [deadbeef]
stack HASH = [1]
{
[-1]  = ba0bab               <<CANARY>>
[ 0]  = [0]
[ 1]  = [0]
[ 2]  = [0]
[ 3]  = [0]
[ 4]  = [0]
[ 5]  = [0]
[ 6]  = [0]
[ 7]  = [0]
[ 8]  = [0]
[ 9]  = [0]
[10]  = ba0bab               <<CANARY>>
}

*************************
END OF OUR MESSAGE
*************************


*************************
MEET ERROR IN YOUR PROGRAMM READ ALL INFORMATION DOWN
*************************
Error code: [12] : <stack hash error -> !!Smth is trying to damage your stack!!> in function: <stack_init()> in file: <main.cpp>:64

YOUR STACK: stack_t &stack1 = [0064FEC8] created by main():
capacity = [10]
size = [0]
data = [00BB15D0]
structure_canary_left  = [deadbeef]
structure_canary_right = [deadbeef]
stack HASH = [1]
{
[-1]  = ba0bab               <<CANARY>>
[ 0]  = [0]
[ 1]  = [0]
[ 2]  = [0]
[ 3]  = [0]
[ 4]  = [0]
[ 5]  = [0]
[ 6]  = [0]
[ 7]  = [0]
[ 8]  = [0]
[ 9]  = [0]
[10]  = ba0bab               <<CANARY>>
}

*************************
END OF OUR MESSAGE
*************************


*************************
MEET ERROR IN YOUR PROGRAMM READ ALL INFORMATION DOWN
*************************
Error code: [12] : <stack hash error -> !!Smth is trying to damage your stack!!> in function: <stack_init()> in file: <main.cpp>:64

YOUR STACK: stack_t &stack1 = [0064FEC8] created by main():
capacity = [10]
size = [0]
data = [00C015D0]
structure_canary_left  = [deadbeef]
structure_canary_right = [deadbeef]
stack HASH = [1]
{
[-1]  = ba0bab               <<CANARY>>
[ 0]  = [0]
[ 1]  = [0]
[ 2]  = [0]
[ 3]  = [0]
[ 4]  = [0]
[ 5]  = [0]
[ 6]  = [0]
[ 7]  = [0]
[ 8]  = [0]
[ 9]  = [0]
[10]  = ba0bab               <<CANARY>>
}

*************************
END OF OUR MESSAGE
*************************


*************************
MEET ERROR IN YOUR PROGRAMM READ ALL INFORMATION DOWN
*************************
Error code: [12] : <stack hash error -> !!Smth is trying to damage your stack!!> in function: <stack_init()> in file: <main.cpp>:64

YOUR STACK: stack_t &stack1 = [0064FEC8] created by main():
capacity = [10]
size = [0]
data = [00B615D0]
structure_canary_left  = [deadbeef]
structure_canary_right = [deadbeef]
stack HASH = [1]
{
[-1]  = ba0bab               <<CANARY>>
[ 0]  = [0]
[ 1]  = [0]
[ 2]  = [0]
[ 3]  = [0]
[ 4]  = [0]
[ 5]  = [0]
[ 6]  = [0]
[ 7]  = [0]
[ 8]  = [0]
[ 9]  = [0]
[10]  = ba0bab               <<CANARY>>
}

*************************
END OF OUR MESSAGE
*************************


*************************
MEET ERROR IN YOUR PROGRAMM READ ALL INFORMATION DOWN
*************************
Error code: [12] : <stack hash error -> !!Smth is trying to damage your stack!!> in function: <stack_push()> in file: <main.cpp>:100

YOUR STACK: stack_t &stack1 = [0064FEC8] created by main():
capacity = [10]
size = [0]
data = [00C215D0]
structure_canary_left  = [deadbeef]
structure_canary_right = [deadbeef]
stack HASH = [77c6351900000000]
{
[-1]  = ba0bab               <<CANARY>>
[ 0]  = [1.#QNAN]     <<POISON>>
[ 1]  = [1.#QNAN]     <<POISON>>
[ 2]  = [1.#QNAN]     <<POISON>>
[ 3]  = [1.#QNAN]     <<POISON>>
[ 4]  = [1.#QNAN]     <<POISON>>
[ 5]  = [1.#QNAN]     <<POISON>>
[ 6]  = [1.#QNAN]     <<POISON>>
[ 7]  = [1.#QNAN]     <<POISON>>
[ 8]  = [1.#QNAN]     <<POISON>>
[ 9]  = [1.#QNAN]     <<POISON>>
[10]  = ba0bab               <<CANARY>>
}

*************************
END OF OUR MESSAGE
*************************


*************************
MEET ERROR IN YOUR PROGRAMM READ ALL INFORMATION DOWN
*************************
Error code: [12] : <stack hash error -> !!Smth is trying to damage your stack!!> in function: <stack_push()> in file: <main.cpp>:100

YOUR STACK: stack_t &stack1 = [0064FEC8] created by main():
capacity = [10]
size = [0]
data = [00D215D0]
structure_canary_left  = [deadbeef]
structure_canary_right = [deadbeef]
stack HASH = [77c63519b29fb1b8]
{
[-1]  = ba0bab               <<CANARY>>
[ 0]  = [1.#QNAN]     <<POISON>>
[ 1]  = [1.#QNAN]     <<POISON>>
[ 2]  = [1.#QNAN]     <<POISON>>
[ 3]  = [1.#QNAN]     <<POISON>>
[ 4]  = [1.#QNAN]     <<POISON>>
[ 5]  = [1.#QNAN]     <<POISON>>
[ 6]  = [1.#QNAN]     <<POISON>>
[ 7]  = [1.#QNAN]     <<POISON>>
[ 8]  = [1.#QNAN]     <<POISON>>
[ 9]  = [1.#QNAN]     <<POISON>>
[10]  = ba0bab               <<CANARY>>
}

*************************
END OF OUR MESSAGE
*************************


*************************
MEET ERROR IN YOUR PROGRAMM READ ALL INFORMATION DOWN
*************************
Error code: [12] : <stack hash error -> !!Smth is trying to damage your stack!!> in function: <stack_push()> in file: <main.cpp>:100

YOUR STACK: stack_t &stack1 = [0064FEC8] created by main():
capacity = [10]
size = [0]
data = [00C715D0]
structure_canary_left  = [deadbeef]
structure_canary_right = [deadbeef]
stack HASH = [77c635198e53459f]
{
[-1]  = ba0bab               <<CANARY>>
[ 0]  = [1.#QNAN]     <<POISON>>
[ 1]  = [1.#QNAN]     <<POISON>>
[ 2]  = [1.#QNAN]     <<POISON>>
[ 3]  = [1.#QNAN]     <<POISON>>
[ 4]  = [1.#QNAN]     <<POISON>>
[ 5]  = [1.#QNAN]     <<POISON>>
[ 6]  = [1.#QNAN]     <<POISON>>
[ 7]  = [1.#QNAN]     <<POISON>>
[ 8]  = [1.#QNAN]     <<POISON>>
[ 9]  = [1.#QNAN]     <<POISON>>
[10]  = ba0bab               <<CANARY>>
}

*************************
END OF OUR MESSAGE
*************************


*************************
MEET ERROR IN YOUR PROGRAMM READ ALL INFORMATION DOWN
*************************
Error code: [13] : <structure hash error -> !!Smth is trying to damage your stack!!> in function: <stack_push()> in file: <main.cpp>:100

YOUR STACK: stack_t &stack1 = [0064FEC8] created by main():
capacity = [10]
size = [0]
data = [00E015D0]
structure_canary_left  = [deadbeef]
structure_canary_right = [deadbeef]
stack HASH = [77c6351900000000]
{
[-1]  = ba0bab               <<CANARY>>
[ 0]  = [1.#QNAN]     <<POISON>>
[ 1]  = [1.#QNAN]     <<POISON>>
[ 2]  = [1.#QNAN]     <<POISON>>
[ 3]  = [1.#QNAN]     <<POISON>>
[ 4]  = [1.#QNAN]     <<POISON>>
[ 5]  = [1.#QNAN]     <<POISON>>
[ 6]  = [1.#QNAN]     <<POISON>>
[ 7]  = [1.#QNAN]     <<POISON>>
[ 8]  = [1.#QNAN]     <<POISON>>
[ 9]  = [1.#QNAN]     <<POISON>>
[10]  = ba0bab               <<CANARY>>
}

*************************
END OF OUR MESSAGE
*************************


*************************
MEET ERROR IN YOUR PROGRAMM READ ALL INFORMATION DOWN
*************************
Error code: [13] : <structure hash error -> !!Smth is trying to damage your stack!!> in function: <stack_push()> in file: <main.cpp>:100

YOUR STACK: stack_t &stack1 = [0064FEC8] created by main():
capacity = [10]
size = [0]
data = [00BC15D0]
structure_canary_left  = [deadbeef]
structure_canary_right = [deadbeef]
stack HASH = [77c6351900000000]
{
[-1]  = ba0bab               <<CANARY>>
[ 0]  = [1.#QNAN]     <<POISON>>
[ 1]  = [1.#QNAN]     <<POISON>>
[ 2]  = [1.#QNAN]     <<POISON>>
[ 3]  = [1.#QNAN]     <<POISON>>
[ 4]  = [1.#QNAN]     <<POISON>>
[ 5]  = [1.#QNAN]     <<POISON>>
[ 6]  = [1.#QNAN]     <<POISON>>
[ 7]  = [1.#QNAN]     <<POISON>>
[ 8]  = [1.#QNAN]     <<POISON>>
[ 9]  = [1.#QNAN]     <<POISON>>
[10]  = ba0bab               <<CANARY>>
}

*************************
END OF OUR MESSAGE
*************************


*************************
MEET ERROR IN YOUR PROGRAMM READ ALL INFORMATION DOWN
*************************
Error code: [13] : <structure hash error -> !!Smth is trying to damage your stack!!> in function: <stack_push()> in file: <main.cpp>:100

YOUR STACK: stack_t &stack1 = [0064FEC8] created by main():
capacity = [10]
size = [0]
data = [007915D0]
structure_canary_left  = [deadbeef]
structure_canary_right = [deadbeef]
stack HASH = [77c6351900000000]
{
[-1]  = ba0bab               <<CANARY>>
[ 0]  = [1.#QNAN]     <<POISON>>
[ 1]  = [1.#QNAN]     <<POISON>>
[ 2]  = [1.#QNAN]     <<POISON>>
[ 3]  = [1.#QNAN]     <<POISON>>
[ 4]  = [1.#QNAN]     <<POISON>>
[ 5]  = [1.#QNAN]     <<POISON>>
[ 6]  = [1.#QNAN]     <<POISON>>
[ 7]  = [1.#QNAN]     <<POISON>>
[ 8]  = [1.#QNAN]     <<POISON>>
[ 9]  = [1.#QNAN]     <<POISON>>
[10]  = ba0bab               <<CANARY>>
}

*************************
END OF OUR MESSAGE
*************************


*************************
MEET ERROR IN YOUR PROGRAMM READ ALL INFORMATION DOWN
*************************
Error code: [13] : <structure hash error -> !!Smth is trying to damage your stack!!> in function: <stack_push()> in file: <main.cpp>:100

YOUR STACK: stack_t &stack1 = [0064FEC8] created by main():
capacity = [10]
size = [0]
data = [00D515D0]
structure_canary_left  = [deadbeef]
structure_canary_right = [deadbeef]
stack HASH = [77c6351900000000]
{
[-1]  = ba0bab               <<CANARY>>
[ 0]  = [1.#QNAN]     <<POISON>>
[ 1]  = [1.#QNAN]     <<POISON>>
[ 2]  = [1.#QNAN]     <<POISON>>
[ 3]  = [1.#QNAN]     <<POISON>>
[ 4]  = [1.#QNAN]     <<POISON>>
[ 5]  = [1.#QNAN]     <<POISON>>
[ 6]  = [1.#QNAN]     <<POISON>>
[ 7]  = [1.#QNAN]     <<POISON>>
[ 8]  = [1.#QNAN]     <<POISON>>
[ 9]  = [1.#QNAN]     <<POISON>>
[10]  = ba0bab               <<CANARY>>
}

*************************
END OF OUR MESSAGE
*************************


*************************
MEET ERROR IN YOUR PROGRAMM READ ALL INFORMATION DOWN
*************************
Error code: [13] : <structure hash error -> !!Smth is trying to damage your stack!!> in function: <stack_push()> in file: <main.cpp>:100

YOUR STACK: stack_t &stack1 = [0064FEC8] created by main():
capacity = [10]
size = [0]
data = [00DA15D0]
structure_canary_left  = [deadbeef]
structure_canary_right = [deadbeef]
stack HASH = [77c6351900000000]
{
[-1]  = ba0bab               <<CANARY>>
[ 0]  = [1.#QNAN]     <<POISON>>
[ 1]  = [1.#QNAN]     <<POISON>>
[ 2]  = [1.#QNAN]     <<POISON>>
[ 3]  = [1.#QNAN]     <<POISON>>
[ 4]  = [1.#QNAN]     <<POISON>>
[ 5]  = [1.#QNAN]     <<POISON>>
[ 6]  = [1.#QNAN]     <<POISON>>
[ 7]  = [1.#QNAN]     <<POISON>>
[ 8]  = [1.#QNAN]     <<POISON>>
[ 9]  = [1.#QNAN]     <<POISON>>
[10]  = ba0bab               <<CANARY>>
}

*************************
END OF OUR MESSAGE
*************************


*************************
MEET ERROR IN YOUR PROGRAMM READ ALL INFORMATION DOWN
*************************
Error code: [13] : <structure hash error -> !!Smth is trying to damage your stack!!> in function: <stack_push()> in file: <main.cpp>:100

YOUR STACK: stack_t &stack1 = [0064FEC8] created by main():
capacity = [10]
size = [0]
data = [00D415D0]
structure_canary_left  = [deadbeef]
structure_canary_right = [deadbeef]
stack HASH = [77c6351900000000]
{
[-1]  = ba0bab               <<CANARY>>
[ 0]  = [1.#QNAN]     <<POISON>>
[ 1]  = [1.#QNAN]     <<POISON>>
[ 2]  = [1.#QNAN]     <<POISON>>
[ 3]  = [1.#QNAN]     <<POISON>>
[ 4]  = [1.#QNAN]     <<POISON>>
[ 5]  = [1.#QNAN]     <<POISON>>
[ 6]  = [1.#QNAN]     <<POISON>>
[ 7]  = [1.#QNAN]     <<POISON>>
[ 8]  = [1.#QNAN]     <<POISON>>
[ 9]  = [1.#QNAN]     <<POISON>>
[10]  = ba0bab               <<CANARY>>
}

*************************
END OF OUR MESSAGE
*************************


*************************
MEET ERROR IN YOUR PROGRAMM READ ALL INFORMATION DOWN
*************************
Error code: [13] : <structure hash error -> !!Smth is trying to damage your stack!!> in function: <stack_push()> in file: <main.cpp>:100

YOUR STACK: stack_t &stack1 = [0064FEC8] created by main():
capacity = [10]
size = [0]
data = [00C915D0]
structure_canary_left  = [deadbeef]
structure_canary_right = [deadbeef]
stack HASH = [77c6351900000000]
{
[-1]  = ba0bab               <<CANARY>>
[ 0]  = [1.#QNAN]     <<POISON>>
[ 1]  = [1.#QNAN]     <<POISON>>
[ 2]  = [1.#QNAN]     <<POISON>>
[ 3]  = [1.#QNAN]     <<POISON>>
[ 4]  = [1.#QNAN]     <<POISON>>
[ 5]  = [1.#QNAN]     <<POISON>>
[ 6]  = [1.#QNAN]     <<POISON>>
[ 7]  = [1.#QNAN]     <<POISON>>
[ 8]  = [1.#QNAN]     <<POISON>>
[ 9]  = [1.#QNAN]     <<POISON>>
[10]  = ba0bab               <<CANARY>>
}

*************************
END OF OUR MESSAGE
*************************


*************************
MEET ERROR IN YOUR PROGRAMM READ ALL INFORMATION DOWN
*************************
Error code: [13] : <structure hash error -> !!Smth is trying to damage your stack!!> in function: <stack_push()> in file: <main.cpp>:100

YOUR STACK: stack_t &stack1 = [0064FEC8] created by main():
capacity = [10]
size = [0]
data = [00C415D0]
structure_canary_left  = [deadbeef]
structure_canary_right = [deadbeef]
stack HASH = [64fde800000000]
{
[-1]  = ba0bab               <<CANARY>>
[ 0]  = [1.#QNAN]     <<POISON>>
[ 1]  = [1.#QNAN]     <<POISON>>
[ 2]  = [1.#QNAN]     <<POISON>>
[ 3]  = [1.#QNAN]     <<POISON>>
[ 4]  = [1.#QNAN]     <<POISON>>
[ 5]  = [1.#QNAN]     <<POISON>>
[ 6]  = [1.#QNAN]     <<POISON>>
[ 7]  = [1.#QNAN]     <<POISON>>
[ 8]  = [1.#QNAN]     <<POISON>>
[ 9]  = [1.#QNAN]     <<POISON>>
[10]  = ba0bab               <<CANARY>>
}

*************************
END OF OUR MESSAGE
*************************


*************************
MEET ERROR IN YOUR PROGRAMM READ ALL INFORMATION DOWN
*************************
Error code: [13] : <structure hash error -> !!Smth is trying to damage your stack!!> in function: <stack_push()> in file: <main.cpp>:100

YOUR STACK: stack_t &stack1 = [0064FEC8] created by main():
capacity = [10]
size = [0]
data = [00CF15D0]
structure_canary_left  = [deadbeef]
structure_canary_right = [deadbeef]
stack HASH = [64fde800000000]
{
[-1]  = ba0bab               <<CANARY>>
[ 0]  = [1.#QNAN]     <<POISON>>
[ 1]  = [1.#QNAN]     <<POISON>>
[ 2]  = [1.#QNAN]     <<POISON>>
[ 3]  = [1.#QNAN]     <<POISON>>
[ 4]  = [1.#QNAN]     <<POISON>>
[ 5]  = [1.#QNAN]     <<POISON>>
[ 6]  = [1.#QNAN]     <<POISON>>
[ 7]  = [1.#QNAN]     <<POISON>>
[ 8]  = [1.#QNAN]     <<POISON>>
[ 9]  = [1.#QNAN]     <<POISON>>
[10]  = ba0bab               <<CANARY>>
}

*************************
END OF OUR MESSAGE
*************************


*************************
MEET ERROR IN YOUR PROGRAMM READ ALL INFORMATION DOWN
*************************
Error code: [13] : <structure hash error -> !!Smth is trying to damage your stack!!> in function: <stack_push()> in file: <main.cpp>:100

YOUR STACK: stack_t &stack1 = [0064FEC8] created by main():
capacity = [10]
size = [0]
data = [00D515D8]
structure_canary_left  = [deadbeef]
structure_canary_right = [deadbeef]
stack HASH = [64fde800000000]
{
[-1]  = ba0bab               <<CANARY>>
[ 0]  = [1.#QNAN]     <<POISON>>
[ 1]  = [1.#QNAN]     <<POISON>>
[ 2]  = [1.#QNAN]     <<POISON>>
[ 3]  = [1.#QNAN]     <<POISON>>
[ 4]  = [1.#QNAN]     <<POISON>>
[ 5]  = [1.#QNAN]     <<POISON>>
[ 6]  = [1.#QNAN]     <<POISON>>
[ 7]  = [1.#QNAN]     <<POISON>>
[ 8]  = [1.#QNAN]     <<POISON>>
[ 9]  = [1.#QNAN]     <<POISON>>
[10]  = ba0bab               <<CANARY>>
}

*************************
END OF OUR MESSAGE
*************************


*************************
MEET ERROR IN YOUR PROGRAMM READ ALL INFORMATION DOWN
*************************
Error code: [13] : <structure hash error -> !!Smth is trying to damage your stack!!> in function: <stack_push()> in file: <main.cpp>:100

YOUR STACK: stack_t &stack1 = [0064FEC8] created by main():
capacity = [10]
size = [0]
data = [00BD15D8]
structure_canary_left  = [deadbeef]
structure_canary_right = [deadbeef]
stack HASH = [64fde800000000]
{
[-1]  = ba0bab               <<CANARY>>
[ 0]  = [1.#QNAN]     <<POISON>>
[ 1]  = [1.#QNAN]     <<POISON>>
[ 2]  = [1.#QNAN]     <<POISON>>
[ 3]  = [1.#QNAN]     <<POISON>>
[ 4]  = [1.#QNAN]     <<POISON>>
[ 5]  = [1.#QNAN]     <<POISON>>
[ 6]  = [1.#QNAN]     <<POISON>>
[ 7]  = [1.#QNAN]     <<POISON>>
[ 8]  = [1.#QNAN]     <<POISON>>
[ 9]  = [1.#QNAN]     <<POISON>>
[10]  = ba0bab               <<CANARY>>
}

*************************
END OF OUR MESSAGE
*************************


*************************
MEET ERROR IN YOUR PROGRAMM READ ALL INFORMATION DOWN
*************************
Error code: [13] : <structure hash error -> !!Smth is trying to damage your stack!!> in function: <stack_push()> in file: <main.cpp>:100

YOUR STACK: stack_t &stack1 = [0064FEC8] created by main():
capacity = [10]
size = [0]
data = [00CC15D8]
structure_canary_left  = [deadbeef]
structure_canary_right = [deadbeef]
stack HASH = [77c6351900000000]
{
[-1]  = ba0bab               <<CANARY>>
[ 0]  = [1.#QNAN]     <<POISON>>
[ 1]  = [1.#QNAN]     <<POISON>>
[ 2]  = [1.#QNAN]     <<POISON>>
[ 3]  = [1.#QNAN]     <<POISON>>
[ 4]  = [1.#QNAN]     <<POISON>>
[ 5]  = [1.#QNAN]     <<POISON>>
[ 6]  = [1.#QNAN]     <<POISON>>
[ 7]  = [1.#QNAN]     <<POISON>>
[ 8]  = [1.#QNAN]     <<POISON>>
[ 9]  = [1.#QNAN]     <<POISON>>
[10]  = ba0bab               <<CANARY>>
}

*************************
END OF OUR MESSAGE
*************************


*************************
MEET ERROR IN YOUR PROGRAMM READ ALL INFORMATION DOWN
*************************
Error code: [13] : <structure hash error -> !!Smth is trying to damage your stack!!> in function: <stack_push()> in file: <main.cpp>:100

YOUR STACK: stack_t &stack1 = [0064FEC8] created by main():
capacity = [10]
size = [0]
data = [009715D8]
structure_canary_left  = [deadbeef]
structure_canary_right = [deadbeef]
stack HASH = [77c6351900000000]
{
[-1]  = ba0bab               <<CANARY>>
[ 0]  = [1.#QNAN]     <<POISON>>
[ 1]  = [1.#QNAN]     <<POISON>>
[ 2]  = [1.#QNAN]     <<POISON>>
[ 3]  = [1.#QNAN]     <<POISON>>
[ 4]  = [1.#QNAN]     <<POISON>>
[ 5]  = [1.#QNAN]     <<POISON>>
[ 6]  = [1.#QNAN]     <<POISON>>
[ 7]  = [1.#QNAN]     <<POISON>>
[ 8]  = [1.#QNAN]     <<POISON>>
[ 9]  = [1.#QNAN]     <<POISON>>
[10]  = ba0bab               <<CANARY>>
}

*************************
END OF OUR MESSAGE
*************************


*************************
MEET ERROR IN YOUR PROGRAMM READ ALL INFORMATION DOWN
*************************
Error code: [13] : <structure hash error -> !!Smth is trying to damage your stack!!> in function: <stack_push()> in file: <main.cpp>:100

YOUR STACK: stack_t &stack1 = [0064FEC8] created by main():
capacity = [10]
size = [0]
data = [009715D8]
structure_canary_left  = [deadbeef]
structure_canary_right = [deadbeef]
stack HASH = [100000000]
{
[-1]  = ba0bab               <<CANARY>>
[ 0]  = [1.#QNAN]     <<POISON>>
[ 1]  = [1.#QNAN]     <<POISON>>
[ 2]  = [1.#QNAN]     <<POISON>>
[ 3]  = [1.#QNAN]     <<POISON>>
[ 4]  = [1.#QNAN]     <<POISON>>
[ 5]  = [1.#QNAN]     <<POISON>>
[ 6]  = [1.#QNAN]     <<POISON>>
[ 7]  = [1.#QNAN]     <<POISON>>
[ 8]  = [1.#QNAN]     <<POISON>>
[ 9]  = [1.#QNAN]     <<POISON>>
[10]  = ba0bab               <<CANARY>>
}

*************************
END OF OUR MESSAGE
*************************


*************************
MEET ERROR IN YOUR PROGRAMM READ ALL INFORMATION DOWN
*************************
Error code: [13] : <structure hash error -> !!Smth is trying to damage your stack!!> in function: <stack_push()> in file: <main.cpp>:100

YOUR STACK: stack_t &stack1 = [0064FEC8] created by main():
capacity = [10]
size = [0]
data = [00BD15D8]
structure_canary_left  = [deadbeef]
structure_canary_right = [deadbeef]
stack HASH = [77c6351900000000]
{
[-1]  = ba0bab               <<CANARY>>
[ 0]  = [1.#QNAN]     <<POISON>>
[ 1]  = [1.#QNAN]     <<POISON>>
[ 2]  = [1.#QNAN]     <<POISON>>
[ 3]  = [1.#QNAN]     <<POISON>>
[ 4]  = [1.#QNAN]     <<POISON>>
[ 5]  = [1.#QNAN]     <<POISON>>
[ 6]  = [1.#QNAN]     <<POISON>>
[ 7]  = [1.#QNAN]     <<POISON>>
[ 8]  = [1.#QNAN]     <<POISON>>
[ 9]  = [1.#QNAN]     <<POISON>>
[10]  = ba0bab               <<CANARY>>
}

*************************
END OF OUR MESSAGE
*************************


*************************
MEET ERROR IN YOUR PROGRAMM READ ALL INFORMATION DOWN
*************************
Error code: [12] : <stack hash error -> !!Smth is trying to damage your stack!!> in function: <stack_push()> in file: <main.cpp>:100

YOUR STACK: stack_t &stack1 = [0064FEC0] created by main():
capacity = [10]
size = [0]
data = [00D515D8]
structure_canary_left  = [deadbeef]
structure_canary_right = [deadbeef]
stack HASH = [0]
{
[-1]  = ba0bab               <<CANARY>>
[ 0]  = [1.#QNAN]     <<POISON>>
[ 1]  = [1.#QNAN]     <<POISON>>
[ 2]  = [1.#QNAN]     <<POISON>>
[ 3]  = [1.#QNAN]     <<POISON>>
[ 4]  = [1.#QNAN]     <<POISON>>
[ 5]  = [1.#QNAN]     <<POISON>>
[ 6]  = [1.#QNAN]     <<POISON>>
[ 7]  = [1.#QNAN]     <<POISON>>
[ 8]  = [1.#QNAN]     <<POISON>>
[ 9]  = [1.#QNAN]     <<POISON>>
[10]  = ba0bab               <<CANARY>>
}

*************************
END OF OUR MESSAGE
*************************


*************************
MEET ERROR IN YOUR PROGRAMM READ ALL INFORMATION DOWN
*************************
Error code: [12] : <stack hash error -> !!Smth is trying to damage your stack!!> in function: <stack_push()> in file: <main.cpp>:100

YOUR STACK: stack_t &stack1 = [0064FEC0] created by main():
capacity = [10]
size = [0]
data = [00C115D8]
structure_canary_left  = [deadbeef]
structure_canary_right = [deadbeef]
stack HASH = [0]
{
[-1]  = ba0bab               <<CANARY>>
[ 0]  = [1.#QNAN]     <<POISON>>
[ 1]  = [1.#QNAN]     <<POISON>>
[ 2]  = [1.#QNAN]     <<POISON>>
[ 3]  = [1.#QNAN]     <<POISON>>
[ 4]  = [1.#QNAN]     <<POISON>>
[ 5]  = [1.#QNAN]     <<POISON>>
[ 6]  = [1.#QNAN]     <<POISON>>
[ 7]  = [1.#QNAN]     <<POISON>>
[ 8]  = [1.#QNAN]     <<POISON>>
[ 9]  = [1.#QNAN]     <<POISON>>
[10]  = ba0bab               <<CANARY>>
}

*************************
END OF OUR MESSAGE
*************************


*************************
MEET ERROR IN YOUR PROGRAMM READ ALL INFORMATION DOWN
*************************
Error code: [12] : <stack hash error -> !!Smth is trying to damage your stack!!> in function: <stack_push()> in file: <main.cpp>:100

YOUR STACK: stack_t &stack1 = [0064FEC0] created by main():
capacity = [10]
size = [0]
data = [00CF15D8]
structure_canary_left  = [deadbeef]
structure_canary_right = [deadbeef]
stack HASH = [0]
{
[-1]  = ba0bab               <<CANARY>>
[ 0]  = [1.#QNAN]     <<POISON>>
[ 1]  = [1.#QNAN]     <<POISON>>
[ 2]  = [1.#QNAN]     <<POISON>>
[ 3]  = [1.#QNAN]     <<POISON>>
[ 4]  = [1.#QNAN]     <<POISON>>
[ 5]  = [1.#QNAN]     <<POISON>>
[ 6]  = [1.#QNAN]     <<POISON>>
[ 7]  = [1.#QNAN]     <<POISON>>
[ 8]  = [1.#QNAN]     <<POISON>>
[ 9]  = [1.#QNAN]     <<POISON>>
[10]  = ba0bab               <<CANARY>>
}

*************************
END OF OUR MESSAGE
*************************


*************************
MEET ERROR IN YOUR PROGRAMM READ ALL INFORMATION DOWN
*************************
Error code: [8] : <CU-CU-CU Something wrong with your left structure canary protection> in function: <stack_pop()> in file: <main.cpp>:115

YOUR STACK: stack_t &stack1 = [0064FEC0] created by main():
capacity = [10]
size = [1]
data = [00D115D8]
structure_canary_left  = [a0a0a0a0a0a0a0a]
structure_canary_right = [deadbeef]
stack HASH = [1]
{
[-1]  = ba0bab               <<CANARY>>
[ 0]  = [105]
[ 1]  = [1.#QNAN]     <<POISON>>
[ 2]  = [1.#QNAN]     <<POISON>>
[ 3]  = [1.#QNAN]     <<POISON>>
[ 4]  = [1.#QNAN]     <<POISON>>
[ 5]  = [1.#QNAN]     <<POISON>>
[ 6]  = [1.#QNAN]     <<POISON>>
[ 7]  = [1.#QNAN]     <<POISON>>
[ 8]  = [1.#QNAN]     <<POISON>>
[ 9]  = [1.#QNAN]     <<POISON>>
[10]  = ba0bab               <<CANARY>>
}

*************************
END OF OUR MESSAGE
*************************


*************************
MEET ERROR IN YOUR PROGRAMM READ ALL INFORMATION DOWN
*************************
Error code: [8] : <CU-CU-CU Something wrong with your left structure canary protection> in function: <stack_pop()> in file: <main.cpp>:115

YOUR STACK: stack_t &stack1 = [0064FEC0] created by main():
capacity = [10]
size = [1]
data = [00D915D8]
structure_canary_left  = [a0a0a0a0a0a0a0a]
structure_canary_right = [deadbeef]
stack     HASH = [1]
structure HASH = [1]{
[-1]  = ba0bab               <<CANARY>>
[ 0]  = [105]
[ 1]  = [1.#QNAN]     <<POISON>>
[ 2]  = [1.#QNAN]     <<POISON>>
[ 3]  = [1.#QNAN]     <<POISON>>
[ 4]  = [1.#QNAN]     <<POISON>>
[ 5]  = [1.#QNAN]     <<POISON>>
[ 6]  = [1.#QNAN]     <<POISON>>
[ 7]  = [1.#QNAN]     <<POISON>>
[ 8]  = [1.#QNAN]     <<POISON>>
[ 9]  = [1.#QNAN]     <<POISON>>
[10]  = ba0bab               <<CANARY>>
}

*************************
END OF OUR MESSAGE
*************************


*************************
MEET ERROR IN YOUR PROGRAMM READ ALL INFORMATION DOWN
*************************
Error code: [8] : <CU-CU-CU Something wrong with your left structure canary protection> in function: <stack_pop()> in file: <main.cpp>:115

YOUR STACK: stack_t &stack1 = [0064FEC0] created by main():
capacity = [10]
size = [1]
data = [00D215D8]
structure_canary_left  = [a0a0a0a0a0a0a0a]
structure_canary_right = [deadbeef]
stack     HASH = [1]
structure HASH = [1]
{
[-1]  = ba0bab               <<CANARY>>
[ 0]  = [105]
[ 1]  = [1.#QNAN]     <<POISON>>
[ 2]  = [1.#QNAN]     <<POISON>>
[ 3]  = [1.#QNAN]     <<POISON>>
[ 4]  = [1.#QNAN]     <<POISON>>
[ 5]  = [1.#QNAN]     <<POISON>>
[ 6]  = [1.#QNAN]     <<POISON>>
[ 7]  = [1.#QNAN]     <<POISON>>
[ 8]  = [1.#QNAN]     <<POISON>>
[ 9]  = [1.#QNAN]     <<POISON>>
[10]  = ba0bab               <<CANARY>>
}

*************************
END OF OUR MESSAGE
*************************


*************************
MEET ERROR IN YOUR PROGRAMM READ ALL INFORMATION DOWN
*************************
Error code: [13] : <structure hash error -> !!Smth is trying to damage your stack!!> in function: <stack_init()> in file: <main.cpp>:64

YOUR STACK: stack_t &stack1 = [0064FEC0] created by main():
capacity = [10]
size = [0]
data = [00CD15D8]
structure_canary_left  = [deadbeef]
structure_canary_right = [deadbeef]
stack     HASH = [0]
structure HASH = [0]
{
[-1]  = ba0bab               <<CANARY>>
[ 0]  = [0]
[ 1]  = [0]
[ 2]  = [0]
[ 3]  = [0]
[ 4]  = [0]
[ 5]  = [0]
[ 6]  = [0]
[ 7]  = [0]
[ 8]  = [0]
[ 9]  = [0]
[10]  = ba0bab               <<CANARY>>
}

*************************
END OF OUR MESSAGE
*************************


*************************
MEET ERROR IN YOUR PROGRAMM READ ALL INFORMATION DOWN
*************************
Error code: [13] : <structure hash error -> !!Smth is trying to damage your stack!!> in function: <stack_init()> in file: <main.cpp>:64

YOUR STACK: stack_t &stack1 = [0064FEC0] created by main():
capacity = [10]
size = [0]
data = [00C115D8]
structure_canary_left  = [deadbeef]
structure_canary_right = [deadbeef]
stack     HASH = [0]
structure HASH = [0]
{
[-1]  = ba0bab               <<CANARY>>
[ 0]  = [0]
[ 1]  = [0]
[ 2]  = [0]
[ 3]  = [0]
[ 4]  = [0]
[ 5]  = [0]
[ 6]  = [0]
[ 7]  = [0]
[ 8]  = [0]
[ 9]  = [0]
[10]  = ba0bab               <<CANARY>>
}

*************************
END OF OUR MESSAGE
*************************


*************************
MEET ERROR IN YOUR PROGRAMM READ ALL INFORMATION DOWN
*************************
Error code: [13] : <structure hash error -> !!Smth is trying to damage your stack!!> in function: <stack_init()> in file: <main.cpp>:64

YOUR STACK: stack_t &stack1 = [0064FEC0] created by main():
capacity = [10]
size = [0]
data = [00CD15D8]
structure_canary_left  = [deadbeef]
structure_canary_right = [deadbeef]
stack     HASH = [0]
structure HASH = [0]
{
[-1]  = ba0bab               <<CANARY>>
[ 0]  = [0]
[ 1]  = [0]
[ 2]  = [0]
[ 3]  = [0]
[ 4]  = [0]
[ 5]  = [0]
[ 6]  = [0]
[ 7]  = [0]
[ 8]  = [0]
[ 9]  = [0]
[10]  = ba0bab               <<CANARY>>
}

*************************
END OF OUR MESSAGE
*************************


*************************
MEET ERROR IN YOUR PROGRAMM READ ALL INFORMATION DOWN
*************************
Error code: [13] : <structure hash error -> !!Smth is trying to damage your stack!!> in function: <stack_init()> in file: <main.cpp>:64

YOUR STACK: stack_t &stack1 = [0064FEC0] created by main():
capacity = [10]
size = [0]
data = [00BF15D8]
structure_canary_left  = [deadbeef]
structure_canary_right = [deadbeef]
stack     HASH = [0]
structure HASH = [0]
{
[-1]  = ba0bab               <<CANARY>>
[ 0]  = [0]
[ 1]  = [0]
[ 2]  = [0]
[ 3]  = [0]
[ 4]  = [0]
[ 5]  = [0]
[ 6]  = [0]
[ 7]  = [0]
[ 8]  = [0]
[ 9]  = [0]
[10]  = ba0bab               <<CANARY>>
}

*************************
END OF OUR MESSAGE
*************************


*************************
MEET ERROR IN YOUR PROGRAMM READ ALL INFORMATION DOWN
*************************
Error code: [13] : <structure hash error -> !!Smth is trying to damage your stack!!> in function: <stack_pop()> in file: <main.cpp>:115

YOUR STACK: stack_t &stack1 = [0064FEC0] created by main():
capacity = [10]
size = [1]
data = [008815D8]
structure_canary_left  = [a0a0a0a0a0a0a0a]
structure_canary_right = [deadbeef]
stack     HASH = [b0af0288d3e5ad4e]
structure HASH = [6390242685]
{
[-1]  = ba0bab               <<CANARY>>
[ 0]  = [105]
[ 1]  = [1.#QNAN]     <<POISON>>
[ 2]  = [1.#QNAN]     <<POISON>>
[ 3]  = [1.#QNAN]     <<POISON>>
[ 4]  = [1.#QNAN]     <<POISON>>
[ 5]  = [1.#QNAN]     <<POISON>>
[ 6]  = [1.#QNAN]     <<POISON>>
[ 7]  = [1.#QNAN]     <<POISON>>
[ 8]  = [1.#QNAN]     <<POISON>>
[ 9]  = [1.#QNAN]     <<POISON>>
[10]  = ba0bab               <<CANARY>>
}

*************************
END OF OUR MESSAGE
*************************


*************************
MEET ERROR IN YOUR PROGRAMM READ ALL INFORMATION DOWN
*************************
Error code: [13] : <structure hash error -> !!Smth is trying to damage your stack!!> in function: <stack_pop()> in file: <main.cpp>:116

YOUR STACK: stack_t &stack1 = [0064FEC0] created by main():
capacity = [10]
size = [1]
data = [008715D8]
structure_canary_left  = [a0a0a0a0a0a0a0a]
structure_canary_right = [deadbeef]
stack     HASH = [b0af0288d3e5ad4e]
structure HASH = [6390242685]
{
[-1]  = ba0bab               <<CANARY>>
[ 0]  = [105]
[ 1]  = [1.#QNAN]     <<POISON>>
[ 2]  = [1.#QNAN]     <<POISON>>
[ 3]  = [1.#QNAN]     <<POISON>>
[ 4]  = [1.#QNAN]     <<POISON>>
[ 5]  = [1.#QNAN]     <<POISON>>
[ 6]  = [1.#QNAN]     <<POISON>>
[ 7]  = [1.#QNAN]     <<POISON>>
[ 8]  = [1.#QNAN]     <<POISON>>
[ 9]  = [1.#QNAN]     <<POISON>>
[10]  = ba0bab               <<CANARY>>
}

*************************
END OF OUR MESSAGE
*************************

